Archive member included to satisfy reference by file (symbol)

c:/ac6/systemworkbench/plugins/fr.ac6.mcu.externaltools.arm-none.win32_1.15.0.201708311556/tools/compiler/bin/../lib/gcc/arm-none-eabi/6.3.1/../../../../arm-none-eabi/lib/thumb/v7e-m/fpv4-sp/hard\libc_nano.a(lib_a-exit.o)
                              c:/ac6/systemworkbench/plugins/fr.ac6.mcu.externaltools.arm-none.win32_1.15.0.201708311556/tools/compiler/bin/../lib/gcc/arm-none-eabi/6.3.1/../../../../arm-none-eabi/lib/thumb/v7e-m/fpv4-sp/hard/crt0.o (exit)
c:/ac6/systemworkbench/plugins/fr.ac6.mcu.externaltools.arm-none.win32_1.15.0.201708311556/tools/compiler/bin/../lib/gcc/arm-none-eabi/6.3.1/../../../../arm-none-eabi/lib/thumb/v7e-m/fpv4-sp/hard\libc_nano.a(lib_a-impure.o)
                              c:/ac6/systemworkbench/plugins/fr.ac6.mcu.externaltools.arm-none.win32_1.15.0.201708311556/tools/compiler/bin/../lib/gcc/arm-none-eabi/6.3.1/../../../../arm-none-eabi/lib/thumb/v7e-m/fpv4-sp/hard\libc_nano.a(lib_a-exit.o) (_global_impure_ptr)
c:/ac6/systemworkbench/plugins/fr.ac6.mcu.externaltools.arm-none.win32_1.15.0.201708311556/tools/compiler/bin/../lib/gcc/arm-none-eabi/6.3.1/../../../../arm-none-eabi/lib/thumb/v7e-m/fpv4-sp/hard\libc_nano.a(lib_a-init.o)
                              c:/ac6/systemworkbench/plugins/fr.ac6.mcu.externaltools.arm-none.win32_1.15.0.201708311556/tools/compiler/bin/../lib/gcc/arm-none-eabi/6.3.1/../../../../arm-none-eabi/lib/thumb/v7e-m/fpv4-sp/hard/crt0.o (__libc_init_array)
c:/ac6/systemworkbench/plugins/fr.ac6.mcu.externaltools.arm-none.win32_1.15.0.201708311556/tools/compiler/bin/../lib/gcc/arm-none-eabi/6.3.1/../../../../arm-none-eabi/lib/thumb/v7e-m/fpv4-sp/hard\libc_nano.a(lib_a-memcpy-stub.o)
                              Middlewares/Third_Party/FreeRTOS/Source/queue.o (memcpy)
c:/ac6/systemworkbench/plugins/fr.ac6.mcu.externaltools.arm-none.win32_1.15.0.201708311556/tools/compiler/bin/../lib/gcc/arm-none-eabi/6.3.1/../../../../arm-none-eabi/lib/thumb/v7e-m/fpv4-sp/hard\libc_nano.a(lib_a-memset.o)
                              c:/ac6/systemworkbench/plugins/fr.ac6.mcu.externaltools.arm-none.win32_1.15.0.201708311556/tools/compiler/bin/../lib/gcc/arm-none-eabi/6.3.1/../../../../arm-none-eabi/lib/thumb/v7e-m/fpv4-sp/hard/crt0.o (memset)
c:/ac6/systemworkbench/plugins/fr.ac6.mcu.externaltools.arm-none.win32_1.15.0.201708311556/tools/compiler/bin/../lib/gcc/arm-none-eabi/6.3.1/../../../../arm-none-eabi/lib/thumb/v7e-m/fpv4-sp/hard\libc_nano.a(lib_a-strlen.o)
                              Src/debug.o (strlen)
c:/ac6/systemworkbench/plugins/fr.ac6.mcu.externaltools.arm-none.win32_1.15.0.201708311556/tools/compiler/bin/../lib/gcc/arm-none-eabi/6.3.1/../../../../arm-none-eabi/lib/thumb/v7e-m/fpv4-sp/hard\libnosys.a(_exit.o)
                              c:/ac6/systemworkbench/plugins/fr.ac6.mcu.externaltools.arm-none.win32_1.15.0.201708311556/tools/compiler/bin/../lib/gcc/arm-none-eabi/6.3.1/../../../../arm-none-eabi/lib/thumb/v7e-m/fpv4-sp/hard\libc_nano.a(lib_a-exit.o) (_exit)

Allocating common symbols
Common symbol       size              file

defaultTaskHandle   0x4               Src/main.o
hspi2               0x58              Src/main.o
receiveUARTHandle   0x4               Src/main.o
uwTick              0x4               Drivers/STM32F4xx_HAL_Driver/Src/stm32f4xx_hal.o
xQueueRegistry      0x40              Middlewares/Third_Party/FreeRTOS/Source/queue.o
pFlash              0x20              Drivers/STM32F4xx_HAL_Driver/Src/stm32f4xx_hal_flash.o
sendUARTHandle      0x4               Src/main.o
htim3               0x3c              Src/main.o
huart5              0x40              Src/main.o
hcan2               0x44              Src/main.o
test                0x40              Src/main.o
receivebuffer_8     0x210             Src/memory.o
hspi4               0x58              Src/main.o
htim1               0x3c              Src/stm32f4xx_hal_timebase_TIM.o
spi_status          0x1               Src/gyro_8b.o
huart4              0x40              Src/main.o
hspi1               0x58              Src/main.o
sendbuffer_8        0x210             Src/memory.o
hcan1               0x44              Src/main.o
status              0x1               Src/memory.o

Discarded input sections

 .text          0x00000000        0x0 c:/ac6/systemworkbench/plugins/fr.ac6.mcu.externaltools.arm-none.win32_1.15.0.201708311556/tools/compiler/bin/../lib/gcc/arm-none-eabi/6.3.1/thumb/v7e-m/fpv4-sp/hard/crti.o
 .data          0x00000000        0x0 c:/ac6/systemworkbench/plugins/fr.ac6.mcu.externaltools.arm-none.win32_1.15.0.201708311556/tools/compiler/bin/../lib/gcc/arm-none-eabi/6.3.1/thumb/v7e-m/fpv4-sp/hard/crti.o
 .bss           0x00000000        0x0 c:/ac6/systemworkbench/plugins/fr.ac6.mcu.externaltools.arm-none.win32_1.15.0.201708311556/tools/compiler/bin/../lib/gcc/arm-none-eabi/6.3.1/thumb/v7e-m/fpv4-sp/hard/crti.o
[...]
Memory Configuration

Name             Origin             Length             Attributes
RAM              0x20000000         0x00030000         xrw
CCMRAM           0x10000000         0x00010000         rw
FLASH            0x08000000         0x00200000         xr
*default*        0x00000000         0xffffffff

Linker script and memory map

LOAD c:/ac6/systemworkbench/plugins/fr.ac6.mcu.externaltools.arm-none.win32_1.15.0.201708311556/tools/compiler/bin/../lib/gcc/arm-none-eabi/6.3.1/thumb/v7e-m/fpv4-sp/hard/crti.o
LOAD c:/ac6/systemworkbench/plugins/fr.ac6.mcu.externaltools.arm-none.win32_1.15.0.201708311556/tools/compiler/bin/../lib/gcc/arm-none-eabi/6.3.1/thumb/v7e-m/fpv4-sp/hard/crtbegin.o
LOAD c:/ac6/systemworkbench/plugins/fr.ac6.mcu.externaltools.arm-none.win32_1.15.0.201708311556/tools/compiler/bin/../lib/gcc/arm-none-eabi/6.3.1/../../../../arm-none-eabi/lib/thumb/v7e-m/fpv4-sp/hard/crt0.o
LOAD Drivers/STM32F4xx_HAL_Driver/Src/stm32f4xx_hal.o
LOAD Drivers/STM32F4xx_HAL_Driver/Src/stm32f4xx_hal_can.o
LOAD Drivers/STM32F4xx_HAL_Driver/Src/stm32f4xx_hal_cortex.o
LOAD Drivers/STM32F4xx_HAL_Driver/Src/stm32f4xx_hal_dma.o
LOAD Drivers/STM32F4xx_HAL_Driver/Src/stm32f4xx_hal_dma_ex.o
LOAD Drivers/STM32F4xx_HAL_Driver/Src/stm32f4xx_hal_flash.o
LOAD Drivers/STM32F4xx_HAL_Driver/Src/stm32f4xx_hal_flash_ex.o
LOAD Drivers/STM32F4xx_HAL_Driver/Src/stm32f4xx_hal_flash_ramfunc.o
LOAD Drivers/STM32F4xx_HAL_Driver/Src/stm32f4xx_hal_gpio.o
LOAD Drivers/STM32F4xx_HAL_Driver/Src/stm32f4xx_hal_pwr.o
LOAD Drivers/STM32F4xx_HAL_Driver/Src/stm32f4xx_hal_pwr_ex.o
LOAD Drivers/STM32F4xx_HAL_Driver/Src/stm32f4xx_hal_rcc.o
LOAD Drivers/STM32F4xx_HAL_Driver/Src/stm32f4xx_hal_rcc_ex.o
LOAD Drivers/STM32F4xx_HAL_Driver/Src/stm32f4xx_hal_spi.o
LOAD Drivers/STM32F4xx_HAL_Driver/Src/stm32f4xx_hal_tim.o
LOAD Drivers/STM32F4xx_HAL_Driver/Src/stm32f4xx_hal_tim_ex.o
LOAD Drivers/STM32F4xx_HAL_Driver/Src/stm32f4xx_hal_uart.o
LOAD Middlewares/Third_Party/FreeRTOS/Source/CMSIS_RTOS/cmsis_os.o
LOAD Middlewares/Third_Party/FreeRTOS/Source/croutine.o
LOAD Middlewares/Third_Party/FreeRTOS/Source/event_groups.o
LOAD Middlewares/Third_Party/FreeRTOS/Source/list.o
LOAD Middlewares/Third_Party/FreeRTOS/Source/queue.o
LOAD Middlewares/Third_Party/FreeRTOS/Source/tasks.o
LOAD Middlewares/Third_Party/FreeRTOS/Source/timers.o
LOAD Middlewares/Third_Party/FreeRTOS/Source/portable/GCC/ARM_CM4F/port.o
LOAD Middlewares/Third_Party/FreeRTOS/Source/portable/MemMang/heap_4.o
LOAD Src/debug.o
LOAD Src/freertos.o
LOAD Src/gyro_8b.o
LOAD Src/main.o
LOAD Src/memory.o
LOAD Src/stm32f4xx_hal_msp.o
LOAD Src/stm32f4xx_hal_timebase_TIM.o
LOAD Src/stm32f4xx_it.o
LOAD Src/system_stm32f4xx.o
LOAD startup/startup_stm32f429xx.o
LOAD c:/ac6/systemworkbench/plugins/fr.ac6.mcu.externaltools.arm-none.win32_1.15.0.201708311556/tools/compiler/bin/../lib/gcc/arm-none-eabi/6.3.1/../../../../arm-none-eabi/lib/thumb/v7e-m/fpv4-sp/hard\libm.a
START GROUP
LOAD c:/ac6/systemworkbench/plugins/fr.ac6.mcu.externaltools.arm-none.win32_1.15.0.201708311556/tools/compiler/bin/../lib/gcc/arm-none-eabi/6.3.1/thumb/v7e-m/fpv4-sp/hard\libgcc.a
LOAD c:/ac6/systemworkbench/plugins/fr.ac6.mcu.externaltools.arm-none.win32_1.15.0.201708311556/tools/compiler/bin/../lib/gcc/arm-none-eabi/6.3.1/../../../../arm-none-eabi/lib/thumb/v7e-m/fpv4-sp/hard\libc_nano.a
END GROUP
START GROUP
LOAD c:/ac6/systemworkbench/plugins/fr.ac6.mcu.externaltools.arm-none.win32_1.15.0.201708311556/tools/compiler/bin/../lib/gcc/arm-none-eabi/6.3.1/thumb/v7e-m/fpv4-sp/hard\libgcc.a
LOAD c:/ac6/systemworkbench/plugins/fr.ac6.mcu.externaltools.arm-none.win32_1.15.0.201708311556/tools/compiler/bin/../lib/gcc/arm-none-eabi/6.3.1/../../../../arm-none-eabi/lib/thumb/v7e-m/fpv4-sp/hard\libc_nano.a
LOAD c:/ac6/systemworkbench/plugins/fr.ac6.mcu.externaltools.arm-none.win32_1.15.0.201708311556/tools/compiler/bin/../lib/gcc/arm-none-eabi/6.3.1/../../../../arm-none-eabi/lib/thumb/v7e-m/fpv4-sp/hard\libnosys.a
END GROUP
START GROUP
LOAD c:/ac6/systemworkbench/plugins/fr.ac6.mcu.externaltools.arm-none.win32_1.15.0.201708311556/tools/compiler/bin/../lib/gcc/arm-none-eabi/6.3.1/thumb/v7e-m/fpv4-sp/hard\libgcc.a
LOAD c:/ac6/systemworkbench/plugins/fr.ac6.mcu.externaltools.arm-none.win32_1.15.0.201708311556/tools/compiler/bin/../lib/gcc/arm-none-eabi/6.3.1/../../../../arm-none-eabi/lib/thumb/v7e-m/fpv4-sp/hard\libc_nano.a
LOAD c:/ac6/systemworkbench/plugins/fr.ac6.mcu.externaltools.arm-none.win32_1.15.0.201708311556/tools/compiler/bin/../lib/gcc/arm-none-eabi/6.3.1/../../../../arm-none-eabi/lib/thumb/v7e-m/fpv4-sp/hard\libnosys.a
END GROUP
LOAD c:/ac6/systemworkbench/plugins/fr.ac6.mcu.externaltools.arm-none.win32_1.15.0.201708311556/tools/compiler/bin/../lib/gcc/arm-none-eabi/6.3.1/thumb/v7e-m/fpv4-sp/hard/crtend.o
LOAD c:/ac6/systemworkbench/plugins/fr.ac6.mcu.externaltools.arm-none.win32_1.15.0.201708311556/tools/compiler/bin/../lib/gcc/arm-none-eabi/6.3.1/thumb/v7e-m/fpv4-sp/hard/crtn.o
                0x20030000                _estack = 0x20030000
                0x00000200                _Min_Heap_Size = 0x200
                0x00000400                _Min_Stack_Size = 0x400

.isr_vector     0x08000000      0x1ac
                0x08000000                . = ALIGN (0x4)
 *(.isr_vector)
 .isr_vector    0x08000000      0x1ac startup/startup_stm32f429xx.o
                0x08000000                g_pfnVectors
                0x080001ac                . = ALIGN (0x4)

.text           0x080001b0     0x32c4
                0x080001b0                . = ALIGN (0x4)
 *(.text)
 .text          0x080001b0       0x6c c:/ac6/systemworkbench/plugins/fr.ac6.mcu.externaltools.arm-none.win32_1.15.0.201708311556/tools/compiler/bin/../lib/gcc/arm-none-eabi/6.3.1/thumb/v7e-m/fpv4-sp/hard/crtbegin.o
 .text          0x0800021c       0x10 c:/ac6/systemworkbench/plugins/fr.ac6.mcu.externaltools.arm-none.win32_1.15.0.201708311556/tools/compiler/bin/../lib/gcc/arm-none-eabi/6.3.1/../../../../arm-none-eabi/lib/thumb/v7e-m/fpv4-sp/hard\libc_nano.a(lib_a-strlen.o)
                0x0800021c                strlen
 *(.text*)
 .text.HAL_Init
                0x0800022c       0x34 Drivers/STM32F4xx_HAL_Driver/Src/stm32f4xx_hal.o
                0x0800022c                HAL_Init
 .text.HAL_IncTick
                0x08000260       0x10 Drivers/STM32F4xx_HAL_Driver/Src/stm32f4xx_hal.o
                0x08000260                HAL_IncTick
 .text.HAL_GetTick
                0x08000270        0xc Drivers/STM32F4xx_HAL_Driver/Src/stm32f4xx_hal.o
                0x08000270                HAL_GetTick
 .text.HAL_Delay
                0x0800027c       0x24 Drivers/STM32F4xx_HAL_Driver/Src/stm32f4xx_hal.o
                0x0800027c                HAL_Delay
 .text.HAL_CAN_Init
                0x080002a0      0x180 Drivers/STM32F4xx_HAL_Driver/Src/stm32f4xx_hal_can.o
                0x080002a0                HAL_CAN_Init
 .text.HAL_NVIC_SetPriorityGrouping
                0x08000420       0x24 Drivers/STM32F4xx_HAL_Driver/Src/stm32f4xx_hal_cortex.o
                0x08000420                HAL_NVIC_SetPriorityGrouping
 .text.HAL_NVIC_SetPriority
                0x08000444       0x64 Drivers/STM32F4xx_HAL_Driver/Src/stm32f4xx_hal_cortex.o
                0x08000444                HAL_NVIC_SetPriority
 .text.HAL_NVIC_EnableIRQ
                0x080004a8       0x18 Drivers/STM32F4xx_HAL_Driver/Src/stm32f4xx_hal_cortex.o
                0x080004a8                HAL_NVIC_EnableIRQ
 .text.HAL_SYSTICK_Config
                0x080004c0       0x2c Drivers/STM32F4xx_HAL_Driver/Src/stm32f4xx_hal_cortex.o
                0x080004c0                HAL_SYSTICK_Config
 .text.HAL_SYSTICK_CLKSourceConfig
                0x080004ec       0x20 Drivers/STM32F4xx_HAL_Driver/Src/stm32f4xx_hal_cortex.o
                0x080004ec                HAL_SYSTICK_CLKSourceConfig
 .text.HAL_GPIO_Init
                0x0800050c      0x1e4 Drivers/STM32F4xx_HAL_Driver/Src/stm32f4xx_hal_gpio.o
                0x0800050c                HAL_GPIO_Init
 .text.HAL_GPIO_WritePin
                0x080006f0        0xc Drivers/STM32F4xx_HAL_Driver/Src/stm32f4xx_hal_gpio.o
                0x080006f0                HAL_GPIO_WritePin
 .text.HAL_GPIO_TogglePin
                0x080006fc        0x8 Drivers/STM32F4xx_HAL_Driver/Src/stm32f4xx_hal_gpio.o
                0x080006fc                HAL_GPIO_TogglePin
 .text.HAL_RCC_OscConfig
                0x08000704      0x3b0 Drivers/STM32F4xx_HAL_Driver/Src/stm32f4xx_hal_rcc.o
                0x08000704                HAL_RCC_OscConfig
 .text.HAL_RCC_GetSysClockFreq
                0x08000ab4       0x88 Drivers/STM32F4xx_HAL_Driver/Src/stm32f4xx_hal_rcc.o
                0x08000ab4                HAL_RCC_GetSysClockFreq
 .text.HAL_RCC_ClockConfig
                0x08000b3c      0x19c Drivers/STM32F4xx_HAL_Driver/Src/stm32f4xx_hal_rcc.o
                0x08000b3c                HAL_RCC_ClockConfig
 .text.HAL_RCC_GetHCLKFreq
                0x08000cd8        0xc Drivers/STM32F4xx_HAL_Driver/Src/stm32f4xx_hal_rcc.o
                0x08000cd8                HAL_RCC_GetHCLKFreq
 .text.HAL_RCC_GetPCLK1Freq
                0x08000ce4       0x2c Drivers/STM32F4xx_HAL_Driver/Src/stm32f4xx_hal_rcc.o
                0x08000ce4                HAL_RCC_GetPCLK1Freq
 .text.HAL_RCC_GetPCLK2Freq
                0x08000d10       0x2c Drivers/STM32F4xx_HAL_Driver/Src/stm32f4xx_hal_rcc.o
                0x08000d10                HAL_RCC_GetPCLK2Freq
 .text.HAL_RCC_GetClockConfig
                0x08000d3c       0x3c Drivers/STM32F4xx_HAL_Driver/Src/stm32f4xx_hal_rcc.o
                0x08000d3c                HAL_RCC_GetClockConfig
 .text.SPI_WaitFlagStateUntilTimeout
                0x08000d78       0x96 Drivers/STM32F4xx_HAL_Driver/Src/stm32f4xx_hal_spi.o
 .text.SPI_CheckFlag_BSY
                0x08000e0e       0x26 Drivers/STM32F4xx_HAL_Driver/Src/stm32f4xx_hal_spi.o
 .text.HAL_SPI_Init
                0x08000e34       0x80 Drivers/STM32F4xx_HAL_Driver/Src/stm32f4xx_hal_spi.o
                0x08000e34                HAL_SPI_Init
 .text.HAL_SPI_TransmitReceive
                0x08000eb4      0x242 Drivers/STM32F4xx_HAL_Driver/Src/stm32f4xx_hal_spi.o
                0x08000eb4                HAL_SPI_TransmitReceive
 .text.TIM_TI1_ConfigInputStage
                0x080010f6       0x26 Drivers/STM32F4xx_HAL_Driver/Src/stm32f4xx_hal_tim.o
 .text.TIM_TI2_ConfigInputStage
                0x0800111c       0x28 Drivers/STM32F4xx_HAL_Driver/Src/stm32f4xx_hal_tim.o
 .text.TIM_ITRx_SetConfig
                0x08001144       0x10 Drivers/STM32F4xx_HAL_Driver/Src/stm32f4xx_hal_tim.o
 .text.TIM_ETR_SetConfig
                0x08001154       0x18 Drivers/STM32F4xx_HAL_Driver/Src/stm32f4xx_hal_tim.o
 .text.HAL_TIM_Base_Start_IT
                0x0800116c       0x18 Drivers/STM32F4xx_HAL_Driver/Src/stm32f4xx_hal_tim.o
                0x0800116c                HAL_TIM_Base_Start_IT
 .text.HAL_TIM_ConfigClockSource
                0x08001184      0x108 Drivers/STM32F4xx_HAL_Driver/Src/stm32f4xx_hal_tim.o
                0x08001184                HAL_TIM_ConfigClockSource
 .text.HAL_TIM_OC_DelayElapsedCallback
                0x0800128c        0x2 Drivers/STM32F4xx_HAL_Driver/Src/stm32f4xx_hal_tim.o
                0x0800128c                HAL_TIM_OC_DelayElapsedCallback
 .text.HAL_TIM_IC_CaptureCallback
                0x0800128e        0x2 Drivers/STM32F4xx_HAL_Driver/Src/stm32f4xx_hal_tim.o
                0x0800128e                HAL_TIM_IC_CaptureCallback
 .text.HAL_TIM_PWM_PulseFinishedCallback
                0x08001290        0x2 Drivers/STM32F4xx_HAL_Driver/Src/stm32f4xx_hal_tim.o
                0x08001290                HAL_TIM_PWM_PulseFinishedCallback
 .text.HAL_TIM_TriggerCallback
                0x08001292        0x2 Drivers/STM32F4xx_HAL_Driver/Src/stm32f4xx_hal_tim.o
                0x08001292                HAL_TIM_TriggerCallback
 .text.HAL_TIM_IRQHandler
                0x08001294      0x17a Drivers/STM32F4xx_HAL_Driver/Src/stm32f4xx_hal_tim.o
                0x08001294                HAL_TIM_IRQHandler
 *fill*         0x0800140e        0x2 
 .text.TIM_Base_SetConfig
                0x08001410      0x11c Drivers/STM32F4xx_HAL_Driver/Src/stm32f4xx_hal_tim.o
                0x08001410                TIM_Base_SetConfig
 .text.HAL_TIM_Base_Init
                0x0800152c       0x32 Drivers/STM32F4xx_HAL_Driver/Src/stm32f4xx_hal_tim.o
                0x0800152c                HAL_TIM_Base_Init
 .text.HAL_TIMEx_MasterConfigSynchronization
                0x0800155e       0x52 Drivers/STM32F4xx_HAL_Driver/Src/stm32f4xx_hal_tim_ex.o
                0x0800155e                HAL_TIMEx_MasterConfigSynchronization
 .text.HAL_TIMEx_CommutationCallback
                0x080015b0        0x2 Drivers/STM32F4xx_HAL_Driver/Src/stm32f4xx_hal_tim_ex.o
                0x080015b0                HAL_TIMEx_CommutationCallback
 .text.HAL_TIMEx_BreakCallback
                0x080015b2        0x2 Drivers/STM32F4xx_HAL_Driver/Src/stm32f4xx_hal_tim_ex.o
                0x080015b2                HAL_TIMEx_BreakCallback
 .text.UART_SetConfig
                0x080015b4      0x344 Drivers/STM32F4xx_HAL_Driver/Src/stm32f4xx_hal_uart.o
 .text.UART_WaitOnFlagUntilTimeout
                0x080018f8       0x64 Drivers/STM32F4xx_HAL_Driver/Src/stm32f4xx_hal_uart.o
 .text.HAL_UART_Init
                0x0800195c       0x5e Drivers/STM32F4xx_HAL_Driver/Src/stm32f4xx_hal_uart.o
                0x0800195c                HAL_UART_Init
 .text.HAL_UART_Transmit
                0x080019ba       0xe2 Drivers/STM32F4xx_HAL_Driver/Src/stm32f4xx_hal_uart.o
                0x080019ba                HAL_UART_Transmit
 .text.makeFreeRtosPriority
                0x08001a9c        0xc Middlewares/Third_Party/FreeRTOS/Source/CMSIS_RTOS/cmsis_os.o
 .text.osKernelStart
                0x08001aa8        0xa Middlewares/Third_Party/FreeRTOS/Source/CMSIS_RTOS/cmsis_os.o
                0x08001aa8                osKernelStart
 .text.osThreadCreate
                0x08001ab2       0x34 Middlewares/Third_Party/FreeRTOS/Source/CMSIS_RTOS/cmsis_os.o
                0x08001ab2                osThreadCreate
 .text.osDelay  0x08001ae6       0x12 Middlewares/Third_Party/FreeRTOS/Source/CMSIS_RTOS/cmsis_os.o
                0x08001ae6                osDelay
 .text.osSystickHandler
                0x08001af8       0x10 Middlewares/Third_Party/FreeRTOS/Source/CMSIS_RTOS/cmsis_os.o
                0x08001af8                osSystickHandler
 .text.vListInitialise
                0x08001b08       0x16 Middlewares/Third_Party/FreeRTOS/Source/list.o
                0x08001b08                vListInitialise
 .text.vListInitialiseItem
                0x08001b1e        0x6 Middlewares/Third_Party/FreeRTOS/Source/list.o
                0x08001b1e                vListInitialiseItem
 .text.vListInsertEnd
                0x08001b24       0x18 Middlewares/Third_Party/FreeRTOS/Source/list.o
                0x08001b24                vListInsertEnd
 .text.vListInsert
                0x08001b3c       0x34 Middlewares/Third_Party/FreeRTOS/Source/list.o
                0x08001b3c                vListInsert
 .text.uxListRemove
                0x08001b70       0x26 Middlewares/Third_Party/FreeRTOS/Source/list.o
                0x08001b70                uxListRemove
 *fill*         0x08001b96        0x2 
 .text.prvResetNextTaskUnblockTime
                0x08001b98       0x2c Middlewares/Third_Party/FreeRTOS/Source/tasks.o
 .text.prvDeleteTCB
                0x08001bc4       0x12 Middlewares/Third_Party/FreeRTOS/Source/tasks.o
 .text.prvInitialiseNewTask
                0x08001bd6       0x80 Middlewares/Third_Party/FreeRTOS/Source/tasks.o
 *fill*         0x08001c56        0x2 
 .text.prvInitialiseTaskLists
                0x08001c58       0x58 Middlewares/Third_Party/FreeRTOS/Source/tasks.o
 .text.prvAddNewTaskToReadyList
                0x08001cb0       0xac Middlewares/Third_Party/FreeRTOS/Source/tasks.o
 .text.prvAddCurrentTaskToDelayedList
                0x08001d5c       0x88 Middlewares/Third_Party/FreeRTOS/Source/tasks.o
 .text.xTaskCreate
                0x08001de4       0x62 Middlewares/Third_Party/FreeRTOS/Source/tasks.o
                0x08001de4                xTaskCreate
 *fill*         0x08001e46        0x2 
 .text.vTaskStartScheduler
                0x08001e48       0x74 Middlewares/Third_Party/FreeRTOS/Source/tasks.o
                0x08001e48                vTaskStartScheduler
 .text.vTaskSuspendAll
                0x08001ebc       0x14 Middlewares/Third_Party/FreeRTOS/Source/tasks.o
                0x08001ebc                vTaskSuspendAll
 .text.xTaskIncrementTick
                0x08001ed0      0x114 Middlewares/Third_Party/FreeRTOS/Source/tasks.o
                0x08001ed0                xTaskIncrementTick
 .text.xTaskResumeAll
                0x08001fe4       0xf4 Middlewares/Third_Party/FreeRTOS/Source/tasks.o
                0x08001fe4                xTaskResumeAll
 .text.vTaskDelay
                0x080020d8       0x50 Middlewares/Third_Party/FreeRTOS/Source/tasks.o
                0x080020d8                vTaskDelay
 .text.prvCheckTasksWaitingTermination
                0x08002128       0x54 Middlewares/Third_Party/FreeRTOS/Source/tasks.o
 .text.prvIdleTask
                0x0800217c       0x28 Middlewares/Third_Party/FreeRTOS/Source/tasks.o
 .text.vTaskSwitchContext
                0x080021a4       0x90 Middlewares/Third_Party/FreeRTOS/Source/tasks.o
                0x080021a4                vTaskSwitchContext
 .text.xTaskGetSchedulerState
                0x08002234       0x20 Middlewares/Third_Party/FreeRTOS/Source/tasks.o
                0x08002234                xTaskGetSchedulerState
 .text.prvTaskExitError
                0x08002254       0x34 Middlewares/Third_Party/FreeRTOS/Source/portable/GCC/ARM_CM4F/port.o
 .text.prvPortStartFirstTask
                0x08002288       0x20 Middlewares/Third_Party/FreeRTOS/Source/portable/GCC/ARM_CM4F/port.o
 .text.vPortEnableVFP
                0x080022a8       0x14 Middlewares/Third_Party/FreeRTOS/Source/portable/GCC/ARM_CM4F/port.o
 .text.pxPortInitialiseStack
                0x080022bc       0x2c Middlewares/Third_Party/FreeRTOS/Source/portable/GCC/ARM_CM4F/port.o
                0x080022bc                pxPortInitialiseStack
 *fill*         0x080022e8        0x8 
 .text.SVC_Handler
                0x080022f0       0x24 Middlewares/Third_Party/FreeRTOS/Source/portable/GCC/ARM_CM4F/port.o
                0x080022f0                SVC_Handler
 .text.vPortEnterCritical
                0x08002314       0x44 Middlewares/Third_Party/FreeRTOS/Source/portable/GCC/ARM_CM4F/port.o
                0x08002314                vPortEnterCritical
 .text.vPortExitCritical
                0x08002358       0x2c Middlewares/Third_Party/FreeRTOS/Source/portable/GCC/ARM_CM4F/port.o
                0x08002358                vPortExitCritical
 *fill*         0x08002384        0xc 
 .text.PendSV_Handler
                0x08002390       0x64 Middlewares/Third_Party/FreeRTOS/Source/portable/GCC/ARM_CM4F/port.o
                0x08002390                PendSV_Handler
 .text.xPortSysTickHandler
                0x080023f4       0x2c Middlewares/Third_Party/FreeRTOS/Source/portable/GCC/ARM_CM4F/port.o
                0x080023f4                xPortSysTickHandler
 .text.vPortSetupTimerInterrupt
                0x08002420       0x2c Middlewares/Third_Party/FreeRTOS/Source/portable/GCC/ARM_CM4F/port.o
                0x08002420                vPortSetupTimerInterrupt
 .text.xPortStartScheduler
                0x0800244c       0xe8 Middlewares/Third_Party/FreeRTOS/Source/portable/GCC/ARM_CM4F/port.o
                0x0800244c                xPortStartScheduler
 .text.prvHeapInit
                0x08002534       0x58 Middlewares/Third_Party/FreeRTOS/Source/portable/MemMang/heap_4.o
 .text.prvInsertBlockIntoFreeList
                0x0800258c       0x58 Middlewares/Third_Party/FreeRTOS/Source/portable/MemMang/heap_4.o
 .text.pvPortMalloc
                0x080025e4      0x10c Middlewares/Third_Party/FreeRTOS/Source/portable/MemMang/heap_4.o
                0x080025e4                pvPortMalloc
 .text.vPortFree
                0x080026f0       0x70 Middlewares/Third_Party/FreeRTOS/Source/portable/MemMang/heap_4.o
                0x080026f0                vPortFree
 .text.debugPrintln
                0x08002760       0x32 Src/debug.o
                0x08002760                debugPrintln
 .text.intprint8b
                0x08002792       0x78 Src/debug.o
                0x08002792                intprint8b
 *fill*         0x0800280a        0x2 
 .text.led_write
                0x0800280c       0x6c Src/debug.o
                0x0800280c                led_write
 .text.led_toggle
                0x08002878       0x60 Src/debug.o
                0x08002878                led_toggle
 .text.gyro_init_transmit
                0x080028d8       0x64 Src/gyro_8b.o
                0x080028d8                gyro_init_transmit
 .text.gyro_init8b
                0x0800293c       0xa8 Src/gyro_8b.o
                0x0800293c                gyro_init8b
 .text.reverse_byte
                0x080029e4        0xc Src/gyro_8b.o
                0x080029e4                reverse_byte
 .text.gyro_read
                0x080029f0       0xa4 Src/gyro_8b.o
                0x080029f0                gyro_read
 .text.MX_GPIO_Init
                0x08002a94      0x17c Src/main.o
 .text.StartDefaultTask
                0x08002c10       0x34 Src/main.o
                0x08002c10                StartDefaultTask
 .text.HAL_TIM_PeriodElapsedCallback
                0x08002c44       0x18 Src/main.o
                0x08002c44                HAL_TIM_PeriodElapsedCallback
 .text._Error_Handler
                0x08002c5c        0x2 Src/main.o
                0x08002c5c                _Error_Handler
 *fill*         0x08002c5e        0x2 
 .text.MX_CAN1_Init
                0x08002c60       0x40 Src/main.o
 .text.MX_CAN2_Init
                0x08002ca0       0x40 Src/main.o
 .text.MX_SPI1_Init
                0x08002ce0       0x4c Src/main.o
 .text.MX_UART4_Init
                0x08002d2c       0x3c Src/main.o
 .text.MX_UART5_Init
                0x08002d68       0x3c Src/main.o
 .text.MX_SPI4_Init
                0x08002da4       0x48 Src/main.o
 .text.MX_SPI2_Init
                0x08002dec       0x4c Src/main.o
 .text.MX_TIM3_Init
                0x08002e38       0x74 Src/main.o
 .text.SystemClock_Config
                0x08002eac       0xac Src/main.o
                0x08002eac                SystemClock_Config
 .text.main     0x08002f58       0x78 Src/main.o
                0x08002f58                main
 .text.HAL_MspInit
                0x08002fd0       0x5e Src/stm32f4xx_hal_msp.o
                0x08002fd0                HAL_MspInit
 *fill*         0x0800302e        0x2 
 .text.HAL_CAN_MspInit
                0x08003030       0xd0 Src/stm32f4xx_hal_msp.o
                0x08003030                HAL_CAN_MspInit
 .text.HAL_SPI_MspInit
                0x08003100       0xd8 Src/stm32f4xx_hal_msp.o
                0x08003100                HAL_SPI_MspInit
 .text.HAL_TIM_Base_MspInit
                0x080031d8       0x40 Src/stm32f4xx_hal_msp.o
                0x080031d8                HAL_TIM_Base_MspInit
 .text.HAL_UART_MspInit
                0x08003218       0xb0 Src/stm32f4xx_hal_msp.o
                0x08003218                HAL_UART_MspInit
 .text.HAL_InitTick
                0x080032c8       0x78 Src/stm32f4xx_hal_timebase_TIM.o
                0x080032c8                HAL_InitTick
 .text.NMI_Handler
                0x08003340        0x2 Src/stm32f4xx_it.o
                0x08003340                NMI_Handler
 .text.HardFault_Handler
                0x08003342        0x2 Src/stm32f4xx_it.o
                0x08003342                HardFault_Handler
 .text.MemManage_Handler
                0x08003344        0x2 Src/stm32f4xx_it.o
                0x08003344                MemManage_Handler
 .text.BusFault_Handler
                0x08003346        0x2 Src/stm32f4xx_it.o
                0x08003346                BusFault_Handler
 .text.UsageFault_Handler
                0x08003348        0x2 Src/stm32f4xx_it.o
                0x08003348                UsageFault_Handler
 .text.DebugMon_Handler
                0x0800334a        0x2 Src/stm32f4xx_it.o
                0x0800334a                DebugMon_Handler
 .text.SysTick_Handler
                0x0800334c        0x8 Src/stm32f4xx_it.o
                0x0800334c                SysTick_Handler
 .text.TIM1_UP_TIM10_IRQHandler
                0x08003354       0x10 Src/stm32f4xx_it.o
                0x08003354                TIM1_UP_TIM10_IRQHandler
 .text.TIM3_IRQHandler
                0x08003364       0x10 Src/stm32f4xx_it.o
                0x08003364                TIM3_IRQHandler
 .text.SystemInit
                0x08003374       0x4c Src/system_stm32f4xx.o
                0x08003374                SystemInit
 .text.Reset_Handler
                0x080033c0       0x50 startup/startup_stm32f429xx.o
                0x080033c0                Reset_Handler
 .text.Default_Handler
                0x08003410        0x2 startup/startup_stm32f429xx.o
                0x08003410                RTC_Alarm_IRQHandler
                0x08003410                HASH_RNG_IRQHandler
                0x08003410                EXTI2_IRQHandler
                0x08003410                TIM8_CC_IRQHandler
                0x08003410                UART8_IRQHandler
                0x08003410                SPI4_IRQHandler
                0x08003410                TIM1_CC_IRQHandler
                0x08003410                DMA2_Stream5_IRQHandler
                0x08003410                DMA1_Stream5_IRQHandler
                0x08003410                PVD_IRQHandler
                0x08003410                SDIO_IRQHandler
                0x08003410                TAMP_STAMP_IRQHandler
                0x08003410                CAN2_RX1_IRQHandler
                0x08003410                EXTI3_IRQHandler
                0x08003410                TIM8_TRG_COM_TIM14_IRQHandler
                0x08003410                TIM8_UP_TIM13_IRQHandler
                0x08003410                I2C3_ER_IRQHandler
                0x08003410                EXTI0_IRQHandler
                0x08003410                I2C2_EV_IRQHandler
                0x08003410                DMA1_Stream2_IRQHandler
                0x08003410                CAN1_RX0_IRQHandler
                0x08003410                FPU_IRQHandler
                0x08003410                OTG_HS_WKUP_IRQHandler
                0x08003410                LTDC_ER_IRQHandler
                0x08003410                CAN2_SCE_IRQHandler
                0x08003410                DMA2_Stream2_IRQHandler
                0x08003410                SPI1_IRQHandler
                0x08003410                TIM6_DAC_IRQHandler
                0x08003410                TIM1_BRK_TIM9_IRQHandler
                0x08003410                DCMI_IRQHandler
                0x08003410                CAN2_RX0_IRQHandler
                0x08003410                DMA2_Stream3_IRQHandler
                0x08003410                USART6_IRQHandler
                0x08003410                USART3_IRQHandler
                0x08003410                CAN1_RX1_IRQHandler
                0x08003410                UART5_IRQHandler
                0x08003410                DMA2_Stream0_IRQHandler
                0x08003410                TIM4_IRQHandler
                0x08003410                I2C1_EV_IRQHandler
                0x08003410                DMA1_Stream6_IRQHandler
                0x08003410                DMA1_Stream1_IRQHandler
                0x08003410                UART4_IRQHandler
                0x08003410                RCC_IRQHandler
                0x08003410                TIM8_BRK_TIM12_IRQHandler
                0x08003410                Default_Handler
                0x08003410                EXTI15_10_IRQHandler
                0x08003410                ADC_IRQHandler
                0x08003410                DMA1_Stream7_IRQHandler
                0x08003410                SPI5_IRQHandler
                0x08003410                TIM7_IRQHandler
                0x08003410                CAN2_TX_IRQHandler
                0x08003410                TIM5_IRQHandler
                0x08003410                DMA2_Stream7_IRQHandler
                0x08003410                I2C3_EV_IRQHandler
                0x08003410                EXTI9_5_IRQHandler
                0x08003410                RTC_WKUP_IRQHandler
                0x08003410                LTDC_IRQHandler
                0x08003410                ETH_WKUP_IRQHandler
                0x08003410                SPI2_IRQHandler
                0x08003410                OTG_HS_EP1_IN_IRQHandler
                0x08003410                DMA1_Stream0_IRQHandler
                0x08003410                CAN1_TX_IRQHandler
                0x08003410                EXTI4_IRQHandler
                0x08003410                ETH_IRQHandler
                0x08003410                OTG_HS_EP1_OUT_IRQHandler
                0x08003410                WWDG_IRQHandler
                0x08003410                SPI6_IRQHandler
                0x08003410                TIM2_IRQHandler
                0x08003410                OTG_FS_WKUP_IRQHandler
                0x08003410                TIM1_TRG_COM_TIM11_IRQHandler
                0x08003410                OTG_HS_IRQHandler
                0x08003410                DMA2D_IRQHandler
                0x08003410                EXTI1_IRQHandler
                0x08003410                UART7_IRQHandler
                0x08003410                USART2_IRQHandler
                0x08003410                I2C2_ER_IRQHandler
                0x08003410                DMA2_Stream1_IRQHandler
                0x08003410                CAN1_SCE_IRQHandler
                0x08003410                FLASH_IRQHandler
                0x08003410                DMA2_Stream4_IRQHandler
                0x08003410                USART1_IRQHandler
                0x08003410                OTG_FS_IRQHandler
                0x08003410                SPI3_IRQHandler
                0x08003410                DMA1_Stream4_IRQHandler
                0x08003410                I2C1_ER_IRQHandler
                0x08003410                FMC_IRQHandler
                0x08003410                DMA2_Stream6_IRQHandler
                0x08003410                SAI1_IRQHandler
                0x08003410                DMA1_Stream3_IRQHandler
 *fill*         0x08003412        0x2 
 .text.__libc_init_array
                0x08003414       0x48 c:/ac6/systemworkbench/plugins/fr.ac6.mcu.externaltools.arm-none.win32_1.15.0.201708311556/tools/compiler/bin/../lib/gcc/arm-none-eabi/6.3.1/../../../../arm-none-eabi/lib/thumb/v7e-m/fpv4-sp/hard\libc_nano.a(lib_a-init.o)
                0x08003414                __libc_init_array
 *(.glue_7)
 .glue_7        0x0800345c        0x0 linker stubs
 *(.glue_7t)
 .glue_7t       0x0800345c        0x0 linker stubs
 *(.eh_frame)
 .eh_frame      0x0800345c        0x0 c:/ac6/systemworkbench/plugins/fr.ac6.mcu.externaltools.arm-none.win32_1.15.0.201708311556/tools/compiler/bin/../lib/gcc/arm-none-eabi/6.3.1/thumb/v7e-m/fpv4-sp/hard/crtbegin.o
 *(.init)
 .init          0x0800345c        0x4 c:/ac6/systemworkbench/plugins/fr.ac6.mcu.externaltools.arm-none.win32_1.15.0.201708311556/tools/compiler/bin/../lib/gcc/arm-none-eabi/6.3.1/thumb/v7e-m/fpv4-sp/hard/crti.o
                0x0800345c                _init
 .init          0x08003460        0x8 c:/ac6/systemworkbench/plugins/fr.ac6.mcu.externaltools.arm-none.win32_1.15.0.201708311556/tools/compiler/bin/../lib/gcc/arm-none-eabi/6.3.1/thumb/v7e-m/fpv4-sp/hard/crtn.o
 *(.fini)
 .fini          0x08003468        0x4 c:/ac6/systemworkbench/plugins/fr.ac6.mcu.externaltools.arm-none.win32_1.15.0.201708311556/tools/compiler/bin/../lib/gcc/arm-none-eabi/6.3.1/thumb/v7e-m/fpv4-sp/hard/crti.o
                0x08003468                _fini
 .fini          0x0800346c        0x8 c:/ac6/systemworkbench/plugins/fr.ac6.mcu.externaltools.arm-none.win32_1.15.0.201708311556/tools/compiler/bin/../lib/gcc/arm-none-eabi/6.3.1/thumb/v7e-m/fpv4-sp/hard/crtn.o
                0x08003474                . = ALIGN (0x4)
                0x08003474                _etext = .

.vfp11_veneer   0x08003474        0x0
 .vfp11_veneer  0x08003474        0x0 linker stubs

.v4_bx          0x08003474        0x0
 .v4_bx         0x08003474        0x0 linker stubs

.iplt           0x08003474        0x0
 .iplt          0x08003474        0x0 c:/ac6/systemworkbench/plugins/fr.ac6.mcu.externaltools.arm-none.win32_1.15.0.201708311556/tools/compiler/bin/../lib/gcc/arm-none-eabi/6.3.1/thumb/v7e-m/fpv4-sp/hard/crtbegin.o

.rodata         0x08003474      0x1a8
                0x08003474                . = ALIGN (0x4)
 *(.rodata)
 .rodata        0x08003474      0x100 Src/gyro_8b.o
 .rodata        0x08003574       0x14 Src/main.o
 .rodata        0x08003588       0x18 Src/system_stm32f4xx.o
                0x08003588                AHBPrescTable
                0x08003598                APBPrescTable
 *(.rodata*)
 .rodata.str1.4
                0x080035a0        0x5 Middlewares/Third_Party/FreeRTOS/Source/tasks.o
 *fill*         0x080035a5        0x3 
 .rodata.str1.4
                0x080035a8       0x57 Src/gyro_8b.o
 *fill*         0x080035ff        0x1 
 .rodata.str1.4
                0x08003600       0x1c Src/main.o
                0x0800361c                . = ALIGN (0x4)

.rel.dyn        0x0800361c        0x0
 .rel.iplt      0x0800361c        0x0 c:/ac6/systemworkbench/plugins/fr.ac6.mcu.externaltools.arm-none.win32_1.15.0.201708311556/tools/compiler/bin/../lib/gcc/arm-none-eabi/6.3.1/thumb/v7e-m/fpv4-sp/hard/crtbegin.o

.ARM.extab
 *(.ARM.extab* .gnu.linkonce.armextab.*)

.ARM            0x0800361c        0x0
                0x0800361c                __exidx_start = .
 *(.ARM.exidx*)
                0x0800361c                __exidx_end = .

.preinit_array  0x0800361c        0x0
                0x0800361c                PROVIDE (__preinit_array_start, .)
 *(.preinit_array*)
                0x0800361c                PROVIDE (__preinit_array_end, .)

.init_array     0x0800361c        0x4
                0x0800361c                PROVIDE (__init_array_start, .)
 *(SORT(.init_array.*))
 *(.init_array*)
 .init_array    0x0800361c        0x4 c:/ac6/systemworkbench/plugins/fr.ac6.mcu.externaltools.arm-none.win32_1.15.0.201708311556/tools/compiler/bin/../lib/gcc/arm-none-eabi/6.3.1/thumb/v7e-m/fpv4-sp/hard/crtbegin.o
                0x08003620                PROVIDE (__init_array_end, .)

.fini_array     0x08003620        0x4
                [!provide]                PROVIDE (__fini_array_start, .)
 *(SORT(.fini_array.*))
 *(.fini_array*)
 .fini_array    0x08003620        0x4 c:/ac6/systemworkbench/plugins/fr.ac6.mcu.externaltools.arm-none.win32_1.15.0.201708311556/tools/compiler/bin/../lib/gcc/arm-none-eabi/6.3.1/thumb/v7e-m/fpv4-sp/hard/crtbegin.o
                [!provide]                PROVIDE (__fini_array_end, .)
                0x08003624                _sidata = LOADADDR (.data)

.data           0x20000000        0x8 load address 0x08003624
                0x20000000                . = ALIGN (0x4)
                0x20000000                _sdata = .
 *(.data)
 .data          0x20000000        0x4 Middlewares/Third_Party/FreeRTOS/Source/portable/GCC/ARM_CM4F/port.o
 .data          0x20000004        0x4 Src/system_stm32f4xx.o
                0x20000004                SystemCoreClock
 *(.data*)
                0x20000008                . = ALIGN (0x4)
                0x20000008                _edata = .
                0x0800362c                _siccmram = LOADADDR (.ccmram)

.jcr            0x20000008        0x0 load address 0x0800362c
 .jcr           0x20000008        0x0 c:/ac6/systemworkbench/plugins/fr.ac6.mcu.externaltools.arm-none.win32_1.15.0.201708311556/tools/compiler/bin/../lib/gcc/arm-none-eabi/6.3.1/thumb/v7e-m/fpv4-sp/hard/crtbegin.o

.igot.plt       0x20000008        0x0 load address 0x0800362c
 .igot.plt      0x20000008        0x0 c:/ac6/systemworkbench/plugins/fr.ac6.mcu.externaltools.arm-none.win32_1.15.0.201708311556/tools/compiler/bin/../lib/gcc/arm-none-eabi/6.3.1/thumb/v7e-m/fpv4-sp/hard/crtbegin.o

.ccmram         0x10000000        0x0 load address 0x0800362c
                0x10000000                . = ALIGN (0x4)
                0x10000000                _sccmram = .
 *(.ccmram)
 *(.ccmram*)
                0x10000000                . = ALIGN (0x4)
                0x10000000                _eccmram = .
                0x10000000                . = ALIGN (0x4)

.bss            0x20000008     0x446c
                0x20000008                _sbss = .
                0x20000008                __bss_start__ = _sbss
 *(.bss)
 .bss           0x20000008       0x1c c:/ac6/systemworkbench/plugins/fr.ac6.mcu.externaltools.arm-none.win32_1.15.0.201708311556/tools/compiler/bin/../lib/gcc/arm-none-eabi/6.3.1/thumb/v7e-m/fpv4-sp/hard/crtbegin.o
 .bss           0x20000024      0x12c Middlewares/Third_Party/FreeRTOS/Source/tasks.o
                0x20000124                pxCurrentTCB
 .bss           0x20000150        0x8 Middlewares/Third_Party/FreeRTOS/Source/portable/GCC/ARM_CM4F/port.o
 .bss           0x20000158     0x3c18 Middlewares/Third_Party/FreeRTOS/Source/portable/MemMang/heap_4.o
 .bss           0x20003d70        0x4 Src/stm32f4xx_hal_msp.o
 *(.bss*)
 *(COMMON)
 COMMON         0x20003d74        0x4 Drivers/STM32F4xx_HAL_Driver/Src/stm32f4xx_hal.o
                0x20003d74                uwTick
 COMMON         0x20003d78        0x1 Src/gyro_8b.o
                0x20003d78                spi_status
 *fill*         0x20003d79        0x3 
 COMMON         0x20003d7c      0x298 Src/main.o
                0x20003d7c                defaultTaskHandle
                0x20003d80                hspi2
                0x20003dd8                receiveUARTHandle
                0x20003ddc                sendUARTHandle
                0x20003de0                htim3
                0x20003e1c                huart5
                0x20003e5c                hcan2
                0x20003ea0                test
                0x20003ee0                hspi4
                0x20003f38                huart4
                0x20003f78                hspi1
                0x20003fd0                hcan1
 COMMON         0x20004014      0x421 Src/memory.o
                0x20004014                receivebuffer_8
                0x20004224                sendbuffer_8
                0x20004434                status
 *fill*         0x20004435        0x3 
 COMMON         0x20004438       0x3c Src/stm32f4xx_hal_timebase_TIM.o
                0x20004438                htim1
                0x20004474                . = ALIGN (0x4)
                0x20004474                _ebss = .
                0x20004474                __bss_end__ = _ebss

._user_heap_stack
                0x20004474      0x604
                0x20004478                . = ALIGN (0x8)
 *fill*         0x20004474        0x4 
                [!provide]                PROVIDE (end, .)
                [!provide]                PROVIDE (_end, .)
                0x20004678                . = (. + _Min_Heap_Size)
 *fill*         0x20004478      0x200 
                0x20004a78                . = (. + _Min_Stack_Size)
 *fill*         0x20004678      0x400 
                0x20004a78                . = ALIGN (0x8)

/DISCARD/
 libc.a(*)
 libm.a(*)
 libgcc.a(*)

.ARM.attributes
                0x00000000       0x30
 *(.ARM.attributes)
 .ARM.attributes
                0x00000000       0x22 c:/ac6/systemworkbench/plugins/fr.ac6.mcu.externaltools.arm-none.win32_1.15.0.201708311556/tools/compiler/bin/../lib/gcc/arm-none-eabi/6.3.1/thumb/v7e-m/fpv4-sp/hard/crti.o
 .ARM.attributes
                0x00000022       0x34 c:/ac6/systemworkbench/plugins/fr.ac6.mcu.externaltools.arm-none.win32_1.15.0.201708311556/tools/compiler/bin/../lib/gcc/arm-none-eabi/6.3.1/thumb/v7e-m/fpv4-sp/hard/crtbegin.o
 .ARM.attributes
                0x00000056       0x39 Drivers/STM32F4xx_HAL_Driver/Src/stm32f4xx_hal.o
 .ARM.attributes
                0x0000008f       0x39 Drivers/STM32F4xx_HAL_Driver/Src/stm32f4xx_hal_can.o
 .ARM.attributes
                0x000000c8       0x39 Drivers/STM32F4xx_HAL_Driver/Src/stm32f4xx_hal_cortex.o
 .ARM.attributes
                0x00000101       0x39 Drivers/STM32F4xx_HAL_Driver/Src/stm32f4xx_hal_gpio.o
 .ARM.attributes
                0x0000013a       0x39 Drivers/STM32F4xx_HAL_Driver/Src/stm32f4xx_hal_rcc.o
 .ARM.attributes
                0x00000173       0x39 Drivers/STM32F4xx_HAL_Driver/Src/stm32f4xx_hal_spi.o
 .ARM.attributes
                0x000001ac       0x39 Drivers/STM32F4xx_HAL_Driver/Src/stm32f4xx_hal_tim.o
 .ARM.attributes
                0x000001e5       0x39 Drivers/STM32F4xx_HAL_Driver/Src/stm32f4xx_hal_tim_ex.o
 .ARM.attributes
                0x0000021e       0x39 Drivers/STM32F4xx_HAL_Driver/Src/stm32f4xx_hal_uart.o
 .ARM.attributes
                0x00000257       0x39 Middlewares/Third_Party/FreeRTOS/Source/CMSIS_RTOS/cmsis_os.o
 .ARM.attributes
                0x00000290       0x39 Middlewares/Third_Party/FreeRTOS/Source/list.o
 .ARM.attributes
                0x000002c9       0x39 Middlewares/Third_Party/FreeRTOS/Source/tasks.o
 .ARM.attributes
                0x00000302       0x39 Middlewares/Third_Party/FreeRTOS/Source/portable/GCC/ARM_CM4F/port.o
 .ARM.attributes
                0x0000033b       0x39 Middlewares/Third_Party/FreeRTOS/Source/portable/MemMang/heap_4.o
 .ARM.attributes
                0x00000374       0x39 Src/debug.o
 .ARM.attributes
                0x000003ad       0x39 Src/gyro_8b.o
 .ARM.attributes
                0x000003e6       0x39 Src/main.o
 .ARM.attributes
                0x0000041f       0x39 Src/memory.o
 .ARM.attributes
                0x00000458       0x39 Src/stm32f4xx_hal_msp.o
 .ARM.attributes
                0x00000491       0x39 Src/stm32f4xx_hal_timebase_TIM.o
 .ARM.attributes
                0x000004ca       0x39 Src/stm32f4xx_it.o
 .ARM.attributes
                0x00000503       0x39 Src/system_stm32f4xx.o
 .ARM.attributes
                0x0000053c       0x21 startup/startup_stm32f429xx.o
 .ARM.attributes
                0x0000055d       0x34 c:/ac6/systemworkbench/plugins/fr.ac6.mcu.externaltools.arm-none.win32_1.15.0.201708311556/tools/compiler/bin/../lib/gcc/arm-none-eabi/6.3.1/../../../../arm-none-eabi/lib/thumb/v7e-m/fpv4-sp/hard\libc_nano.a(lib_a-init.o)
 .ARM.attributes
                0x00000591       0x1b c:/ac6/systemworkbench/plugins/fr.ac6.mcu.externaltools.arm-none.win32_1.15.0.201708311556/tools/compiler/bin/../lib/gcc/arm-none-eabi/6.3.1/../../../../arm-none-eabi/lib/thumb/v7e-m/fpv4-sp/hard\libc_nano.a(lib_a-strlen.o)
 .ARM.attributes
                0x000005ac       0x22 c:/ac6/systemworkbench/plugins/fr.ac6.mcu.externaltools.arm-none.win32_1.15.0.201708311556/tools/compiler/bin/../lib/gcc/arm-none-eabi/6.3.1/thumb/v7e-m/fpv4-sp/hard/crtn.o
OUTPUT(STM_code.elf elf32-littlearm)

.debug_info     0x00000000    0x222a2
 .debug_info    0x00000000     0x126e Drivers/STM32F4xx_HAL_Driver/Src/stm32f4xx_hal.o
 .debug_info    0x0000126e     0x14a5 Drivers/STM32F4xx_HAL_Driver/Src/stm32f4xx_hal_can.o
 .debug_info    0x00002713     0x1790 Drivers/STM32F4xx_HAL_Driver/Src/stm32f4xx_hal_cortex.o
 .debug_info    0x00003ea3      0xfb1 Drivers/STM32F4xx_HAL_Driver/Src/stm32f4xx_hal_gpio.o
 .debug_info    0x00004e54     0x151a Drivers/STM32F4xx_HAL_Driver/Src/stm32f4xx_hal_rcc.o
 .debug_info    0x0000636e     0x220a Drivers/STM32F4xx_HAL_Driver/Src/stm32f4xx_hal_spi.o
 .debug_info    0x00008578     0x3685 Drivers/STM32F4xx_HAL_Driver/Src/stm32f4xx_hal_tim.o
 .debug_info    0x0000bbfd     0x1b26 Drivers/STM32F4xx_HAL_Driver/Src/stm32f4xx_hal_tim_ex.o
 .debug_info    0x0000d723     0x1f1d Drivers/STM32F4xx_HAL_Driver/Src/stm32f4xx_hal_uart.o
 .debug_info    0x0000f640     0x2321 Middlewares/Third_Party/FreeRTOS/Source/CMSIS_RTOS/cmsis_os.o
 .debug_info    0x00011961      0xad4 Middlewares/Third_Party/FreeRTOS/Source/list.o
 .debug_info    0x00012435     0x2922 Middlewares/Third_Party/FreeRTOS/Source/tasks.o
 .debug_info    0x00014d57      0xd4d Middlewares/Third_Party/FreeRTOS/Source/portable/GCC/ARM_CM4F/port.o
 .debug_info    0x00015aa4      0xc78 Middlewares/Third_Party/FreeRTOS/Source/portable/MemMang/heap_4.o
 .debug_info    0x0001671c     0x128d Src/debug.o
 .debug_info    0x000179a9     0x1735 Src/gyro_8b.o
 .debug_info    0x000190de     0x2925 Src/main.o
 .debug_info    0x0001ba03     0x15cd Src/memory.o
 .debug_info    0x0001cfd0     0x21d9 Src/stm32f4xx_hal_msp.o
 .debug_info    0x0001f1a9     0x1423 Src/stm32f4xx_hal_timebase_TIM.o
 .debug_info    0x000205cc      0xeec Src/stm32f4xx_it.o
 .debug_info    0x000214b8      0xd4a Src/system_stm32f4xx.o
 .debug_info    0x00022202       0xa0 startup/startup_stm32f429xx.o

.debug_abbrev   0x00000000     0x3ff9
 .debug_abbrev  0x00000000      0x347 Drivers/STM32F4xx_HAL_Driver/Src/stm32f4xx_hal.o
 .debug_abbrev  0x00000347      0x2eb Drivers/STM32F4xx_HAL_Driver/Src/stm32f4xx_hal_can.o
 .debug_abbrev  0x00000632      0x3d4 Drivers/STM32F4xx_HAL_Driver/Src/stm32f4xx_hal_cortex.o
 .debug_abbrev  0x00000a06      0x2a5 Drivers/STM32F4xx_HAL_Driver/Src/stm32f4xx_hal_gpio.o
 .debug_abbrev  0x00000cab      0x370 Drivers/STM32F4xx_HAL_Driver/Src/stm32f4xx_hal_rcc.o
 .debug_abbrev  0x0000101b      0x2f0 Drivers/STM32F4xx_HAL_Driver/Src/stm32f4xx_hal_spi.o
 .debug_abbrev  0x0000130b      0x2dc Drivers/STM32F4xx_HAL_Driver/Src/stm32f4xx_hal_tim.o
 .debug_abbrev  0x000015e7      0x2dc Drivers/STM32F4xx_HAL_Driver/Src/stm32f4xx_hal_tim_ex.o
 .debug_abbrev  0x000018c3      0x342 Drivers/STM32F4xx_HAL_Driver/Src/stm32f4xx_hal_uart.o
 .debug_abbrev  0x00001c05      0x3d0 Middlewares/Third_Party/FreeRTOS/Source/CMSIS_RTOS/cmsis_os.o
 .debug_abbrev  0x00001fd5      0x21c Middlewares/Third_Party/FreeRTOS/Source/list.o
 .debug_abbrev  0x000021f1      0x3cd Middlewares/Third_Party/FreeRTOS/Source/tasks.o
 .debug_abbrev  0x000025be      0x325 Middlewares/Third_Party/FreeRTOS/Source/portable/GCC/ARM_CM4F/port.o
 .debug_abbrev  0x000028e3      0x318 Middlewares/Third_Party/FreeRTOS/Source/portable/MemMang/heap_4.o
 .debug_abbrev  0x00002bfb      0x24d Src/debug.o
 .debug_abbrev  0x00002e48      0x285 Src/gyro_8b.o
 .debug_abbrev  0x000030cd      0x34b Src/main.o
 .debug_abbrev  0x00003418      0x263 Src/memory.o
 .debug_abbrev  0x0000367b      0x2b5 Src/stm32f4xx_hal_msp.o
 .debug_abbrev  0x00003930      0x295 Src/stm32f4xx_hal_timebase_TIM.o
 .debug_abbrev  0x00003bc5      0x21d Src/stm32f4xx_it.o
 .debug_abbrev  0x00003de2      0x205 Src/system_stm32f4xx.o
 .debug_abbrev  0x00003fe7       0x12 startup/startup_stm32f429xx.o

.debug_loc      0x00000000     0xc0c4
 .debug_loc     0x00000000       0xbd Drivers/STM32F4xx_HAL_Driver/Src/stm32f4xx_hal.o
 .debug_loc     0x000000bd      0xcbe Drivers/STM32F4xx_HAL_Driver/Src/stm32f4xx_hal_can.o
 .debug_loc     0x00000d7b      0x5ce Drivers/STM32F4xx_HAL_Driver/Src/stm32f4xx_hal_cortex.o
 .debug_loc     0x00001349      0x3fd Drivers/STM32F4xx_HAL_Driver/Src/stm32f4xx_hal_gpio.o
 .debug_loc     0x00001746      0x53b Drivers/STM32F4xx_HAL_Driver/Src/stm32f4xx_hal_rcc.o
 .debug_loc     0x00001c81     0x1984 Drivers/STM32F4xx_HAL_Driver/Src/stm32f4xx_hal_spi.o
 .debug_loc     0x00003605     0x34bc Drivers/STM32F4xx_HAL_Driver/Src/stm32f4xx_hal_tim.o
 .debug_loc     0x00006ac1      0xe78 Drivers/STM32F4xx_HAL_Driver/Src/stm32f4xx_hal_tim_ex.o
 .debug_loc     0x00007939     0x1532 Drivers/STM32F4xx_HAL_Driver/Src/stm32f4xx_hal_uart.o
 .debug_loc     0x00008e6b      0xfe2 Middlewares/Third_Party/FreeRTOS/Source/CMSIS_RTOS/cmsis_os.o
 .debug_loc     0x00009e4d       0x70 Middlewares/Third_Party/FreeRTOS/Source/list.o
 .debug_loc     0x00009ebd     0x14e6 Middlewares/Third_Party/FreeRTOS/Source/tasks.o
 .debug_loc     0x0000b3a3      0x104 Middlewares/Third_Party/FreeRTOS/Source/portable/GCC/ARM_CM4F/port.o
 .debug_loc     0x0000b4a7      0x291 Middlewares/Third_Party/FreeRTOS/Source/portable/MemMang/heap_4.o
 .debug_loc     0x0000b738      0x1d6 Src/debug.o
 .debug_loc     0x0000b90e      0x226 Src/gyro_8b.o
 .debug_loc     0x0000bb34       0x6e Src/main.o
 .debug_loc     0x0000bba2       0xf0 Src/memory.o
 .debug_loc     0x0000bc92      0x28a Src/stm32f4xx_hal_msp.o
 .debug_loc     0x0000bf1c       0x6a Src/stm32f4xx_hal_timebase_TIM.o
 .debug_loc     0x0000bf86      0x13e Src/system_stm32f4xx.o

.debug_aranges  0x00000000     0x1258
 .debug_aranges
                0x00000000       0xd8 Drivers/STM32F4xx_HAL_Driver/Src/stm32f4xx_hal.o
 .debug_aranges
                0x000000d8       0xb0 Drivers/STM32F4xx_HAL_Driver/Src/stm32f4xx_hal_can.o
 .debug_aranges
                0x00000188       0xa8 Drivers/STM32F4xx_HAL_Driver/Src/stm32f4xx_hal_cortex.o
 .debug_aranges
                0x00000230       0x58 Drivers/STM32F4xx_HAL_Driver/Src/stm32f4xx_hal_gpio.o
 .debug_aranges
                0x00000288       0x88 Drivers/STM32F4xx_HAL_Driver/Src/stm32f4xx_hal_rcc.o
 .debug_aranges
                0x00000310      0x1c8 Drivers/STM32F4xx_HAL_Driver/Src/stm32f4xx_hal_spi.o
 .debug_aranges
                0x000004d8      0x368 Drivers/STM32F4xx_HAL_Driver/Src/stm32f4xx_hal_tim.o
 .debug_aranges
                0x00000840      0x140 Drivers/STM32F4xx_HAL_Driver/Src/stm32f4xx_hal_tim_ex.o
 .debug_aranges
                0x00000980      0x1d0 Drivers/STM32F4xx_HAL_Driver/Src/stm32f4xx_hal_uart.o
 .debug_aranges
                0x00000b50      0x1d8 Middlewares/Third_Party/FreeRTOS/Source/CMSIS_RTOS/cmsis_os.o
 .debug_aranges
                0x00000d28       0x40 Middlewares/Third_Party/FreeRTOS/Source/list.o
 .debug_aranges
                0x00000d68      0x190 Middlewares/Third_Party/FreeRTOS/Source/tasks.o
 .debug_aranges
                0x00000ef8       0x80 Middlewares/Third_Party/FreeRTOS/Source/portable/GCC/ARM_CM4F/port.o
 .debug_aranges
                0x00000f78       0x50 Middlewares/Third_Party/FreeRTOS/Source/portable/MemMang/heap_4.o
 .debug_aranges
                0x00000fc8       0x50 Src/debug.o
 .debug_aranges
                0x00001018       0x40 Src/gyro_8b.o
 .debug_aranges
                0x00001058       0x88 Src/main.o
 .debug_aranges
                0x000010e0       0x38 Src/memory.o
 .debug_aranges
                0x00001118       0x60 Src/stm32f4xx_hal_msp.o
 .debug_aranges
                0x00001178       0x30 Src/stm32f4xx_hal_timebase_TIM.o
 .debug_aranges
                0x000011a8       0x60 Src/stm32f4xx_it.o
 .debug_aranges
                0x00001208       0x28 Src/system_stm32f4xx.o
 .debug_aranges
                0x00001230       0x28 startup/startup_stm32f429xx.o

.debug_ranges   0x00000000     0x11f0
 .debug_ranges  0x00000000       0xc8 Drivers/STM32F4xx_HAL_Driver/Src/stm32f4xx_hal.o
 .debug_ranges  0x000000c8       0xa0 Drivers/STM32F4xx_HAL_Driver/Src/stm32f4xx_hal_can.o
 .debug_ranges  0x00000168       0xf8 Drivers/STM32F4xx_HAL_Driver/Src/stm32f4xx_hal_cortex.o
 .debug_ranges  0x00000260       0x48 Drivers/STM32F4xx_HAL_Driver/Src/stm32f4xx_hal_gpio.o
 .debug_ranges  0x000002a8       0x78 Drivers/STM32F4xx_HAL_Driver/Src/stm32f4xx_hal_rcc.o
 .debug_ranges  0x00000320      0x1b8 Drivers/STM32F4xx_HAL_Driver/Src/stm32f4xx_hal_spi.o
 .debug_ranges  0x000004d8      0x358 Drivers/STM32F4xx_HAL_Driver/Src/stm32f4xx_hal_tim.o
 .debug_ranges  0x00000830      0x130 Drivers/STM32F4xx_HAL_Driver/Src/stm32f4xx_hal_tim_ex.o
 .debug_ranges  0x00000960      0x1c0 Drivers/STM32F4xx_HAL_Driver/Src/stm32f4xx_hal_uart.o
 .debug_ranges  0x00000b20      0x1c8 Middlewares/Third_Party/FreeRTOS/Source/CMSIS_RTOS/cmsis_os.o
 .debug_ranges  0x00000ce8       0x30 Middlewares/Third_Party/FreeRTOS/Source/list.o
 .debug_ranges  0x00000d18      0x208 Middlewares/Third_Party/FreeRTOS/Source/tasks.o
 .debug_ranges  0x00000f20       0x88 Middlewares/Third_Party/FreeRTOS/Source/portable/GCC/ARM_CM4F/port.o
 .debug_ranges  0x00000fa8       0x40 Middlewares/Third_Party/FreeRTOS/Source/portable/MemMang/heap_4.o
 .debug_ranges  0x00000fe8       0x40 Src/debug.o
 .debug_ranges  0x00001028       0x30 Src/gyro_8b.o
 .debug_ranges  0x00001058       0x78 Src/main.o
 .debug_ranges  0x000010d0       0x28 Src/memory.o
 .debug_ranges  0x000010f8       0x50 Src/stm32f4xx_hal_msp.o
 .debug_ranges  0x00001148       0x20 Src/stm32f4xx_hal_timebase_TIM.o
 .debug_ranges  0x00001168       0x50 Src/stm32f4xx_it.o
 .debug_ranges  0x000011b8       0x18 Src/system_stm32f4xx.o
 .debug_ranges  0x000011d0       0x20 startup/startup_stm32f429xx.o

.debug_macro    0x00000000    0x26ad2
 .debug_macro   0x00000000      0x3ae Drivers/STM32F4xx_HAL_Driver/Src/stm32f4xx_hal.o
 .debug_macro   0x000003ae      0x8bc Drivers/STM32F4xx_HAL_Driver/Src/stm32f4xx_hal.o
 .debug_macro   0x00000c6a       0x22 Drivers/STM32F4xx_HAL_Driver/Src/stm32f4xx_hal.o
 .debug_macro   0x00000c8c       0x52 Drivers/STM32F4xx_HAL_Driver/Src/stm32f4xx_hal.o
 .debug_macro   0x00000cde       0x8d Drivers/STM32F4xx_HAL_Driver/Src/stm32f4xx_hal.o
 .debug_macro   0x00000d6b       0x35 Drivers/STM32F4xx_HAL_Driver/Src/stm32f4xx_hal.o
 .debug_macro   0x00000da0       0x9c Drivers/STM32F4xx_HAL_Driver/Src/stm32f4xx_hal.o
 .debug_macro   0x00000e3c      0x174 Drivers/STM32F4xx_HAL_Driver/Src/stm32f4xx_hal.o
 .debug_macro   0x00000fb0       0x57 Drivers/STM32F4xx_HAL_Driver/Src/stm32f4xx_hal.o
 .debug_macro   0x00001007       0x58 Drivers/STM32F4xx_HAL_Driver/Src/stm32f4xx_hal.o
 .debug_macro   0x0000105f       0x1f Drivers/STM32F4xx_HAL_Driver/Src/stm32f4xx_hal.o
 .debug_macro   0x0000107e       0x43 Drivers/STM32F4xx_HAL_Driver/Src/stm32f4xx_hal.o
 .debug_macro   0x000010c1       0x20 Drivers/STM32F4xx_HAL_Driver/Src/stm32f4xx_hal.o
 .debug_macro   0x000010e1      0x187 Drivers/STM32F4xx_HAL_Driver/Src/stm32f4xx_hal.o
 .debug_macro   0x00001268      0x330 Drivers/STM32F4xx_HAL_Driver/Src/stm32f4xx_hal.o
 .debug_macro   0x00001598       0x10 Drivers/STM32F4xx_HAL_Driver/Src/stm32f4xx_hal.o
 .debug_macro   0x000015a8       0x35 Drivers/STM32F4xx_HAL_Driver/Src/stm32f4xx_hal.o
 .debug_macro   0x000015dd       0x76 Drivers/STM32F4xx_HAL_Driver/Src/stm32f4xx_hal.o
 .debug_macro   0x00001653      0x18c Drivers/STM32F4xx_HAL_Driver/Src/stm32f4xx_hal.o
 .debug_macro   0x000017df       0x33 Drivers/STM32F4xx_HAL_Driver/Src/stm32f4xx_hal.o
 .debug_macro   0x00001812       0x28 Drivers/STM32F4xx_HAL_Driver/Src/stm32f4xx_hal.o
 .debug_macro   0x0000183a       0xef Drivers/STM32F4xx_HAL_Driver/Src/stm32f4xx_hal.o
 .debug_macro   0x00001929       0x6a Drivers/STM32F4xx_HAL_Driver/Src/stm32f4xx_hal.o
 .debug_macro   0x00001993      0x1df Drivers/STM32F4xx_HAL_Driver/Src/stm32f4xx_hal.o
 .debug_macro   0x00001b72       0x35 Drivers/STM32F4xx_HAL_Driver/Src/stm32f4xx_hal.o
 .debug_macro   0x00001ba7       0x50 Drivers/STM32F4xx_HAL_Driver/Src/stm32f4xx_hal.o
 .debug_macro   0x00001bf7      0xe66 Drivers/STM32F4xx_HAL_Driver/Src/stm32f4xx_hal.o
 .debug_macro   0x00002a5d    0x17f45 Drivers/STM32F4xx_HAL_Driver/Src/stm32f4xx_hal.o
 .debug_macro   0x0001a9a2       0x43 Drivers/STM32F4xx_HAL_Driver/Src/stm32f4xx_hal.o
 .debug_macro   0x0001a9e5     0x35e4 Drivers/STM32F4xx_HAL_Driver/Src/stm32f4xx_hal.o
 .debug_macro   0x0001dfc9       0x1c Drivers/STM32F4xx_HAL_Driver/Src/stm32f4xx_hal.o
 .debug_macro   0x0001dfe5       0x10 Drivers/STM32F4xx_HAL_Driver/Src/stm32f4xx_hal.o
 .debug_macro   0x0001dff5       0x10 Drivers/STM32F4xx_HAL_Driver/Src/stm32f4xx_hal.o
 .debug_macro   0x0001e005       0x1c Drivers/STM32F4xx_HAL_Driver/Src/stm32f4xx_hal.o
 .debug_macro   0x0001e021       0x52 Drivers/STM32F4xx_HAL_Driver/Src/stm32f4xx_hal.o
 .debug_macro   0x0001e073       0x40 Drivers/STM32F4xx_HAL_Driver/Src/stm32f4xx_hal.o
 .debug_macro   0x0001e0b3       0x10 Drivers/STM32F4xx_HAL_Driver/Src/stm32f4xx_hal.o
 .debug_macro   0x0001e0c3       0x40 Drivers/STM32F4xx_HAL_Driver/Src/stm32f4xx_hal.o
 .debug_macro   0x0001e103       0xd7 Drivers/STM32F4xx_HAL_Driver/Src/stm32f4xx_hal.o
 .debug_macro   0x0001e1da       0x16 Drivers/STM32F4xx_HAL_Driver/Src/stm32f4xx_hal.o
 .debug_macro   0x0001e1f0      0x18b Drivers/STM32F4xx_HAL_Driver/Src/stm32f4xx_hal.o
 .debug_macro   0x0001e37b       0x50 Drivers/STM32F4xx_HAL_Driver/Src/stm32f4xx_hal.o
 .debug_macro   0x0001e3cb      0xca5 Drivers/STM32F4xx_HAL_Driver/Src/stm32f4xx_hal.o
 .debug_macro   0x0001f070      0x9e1 Drivers/STM32F4xx_HAL_Driver/Src/stm32f4xx_hal.o
 .debug_macro   0x0001fa51      0x11e Drivers/STM32F4xx_HAL_Driver/Src/stm32f4xx_hal.o
 .debug_macro   0x0001fb6f      0x161 Drivers/STM32F4xx_HAL_Driver/Src/stm32f4xx_hal.o
 .debug_macro   0x0001fcd0       0x27 Drivers/STM32F4xx_HAL_Driver/Src/stm32f4xx_hal.o
 .debug_macro   0x0001fcf7      0x287 Drivers/STM32F4xx_HAL_Driver/Src/stm32f4xx_hal.o
 .debug_macro   0x0001ff7e       0x5f Drivers/STM32F4xx_HAL_Driver/Src/stm32f4xx_hal.o
 .debug_macro   0x0001ffdd      0x23a Drivers/STM32F4xx_HAL_Driver/Src/stm32f4xx_hal.o
 .debug_macro   0x00020217      0x383 Drivers/STM32F4xx_HAL_Driver/Src/stm32f4xx_hal.o
 .debug_macro   0x0002059a      0x13a Drivers/STM32F4xx_HAL_Driver/Src/stm32f4xx_hal.o
 .debug_macro   0x000206d4      0x41d Drivers/STM32F4xx_HAL_Driver/Src/stm32f4xx_hal.o
 .debug_macro   0x00020af1       0x2e Drivers/STM32F4xx_HAL_Driver/Src/stm32f4xx_hal.o
 .debug_macro   0x00020b1f      0x11e Drivers/STM32F4xx_HAL_Driver/Src/stm32f4xx_hal.o
 .debug_macro   0x00020c3d       0xe2 Drivers/STM32F4xx_HAL_Driver/Src/stm32f4xx_hal.o
 .debug_macro   0x00020d1f       0x89 Drivers/STM32F4xx_HAL_Driver/Src/stm32f4xx_hal.o
 .debug_macro   0x00020da8      0x202 Drivers/STM32F4xx_HAL_Driver/Src/stm32f4xx_hal.o
 .debug_macro   0x00020faa      0x6e0 Drivers/STM32F4xx_HAL_Driver/Src/stm32f4xx_hal.o
 .debug_macro   0x0002168a       0x5b Drivers/STM32F4xx_HAL_Driver/Src/stm32f4xx_hal.o
 .debug_macro   0x000216e5      0x14d Drivers/STM32F4xx_HAL_Driver/Src/stm32f4xx_hal.o
 .debug_macro   0x00021832      0x287 Drivers/STM32F4xx_HAL_Driver/Src/stm32f4xx_hal.o
 .debug_macro   0x00021ab9      0x12c Drivers/STM32F4xx_HAL_Driver/Src/stm32f4xx_hal.o
 .debug_macro   0x00021be5      0x355 Drivers/STM32F4xx_HAL_Driver/Src/stm32f4xx_hal_can.o
 .debug_macro   0x00021f3a      0x34e Drivers/STM32F4xx_HAL_Driver/Src/stm32f4xx_hal_cortex.o
 .debug_macro   0x00022288      0x386 Drivers/STM32F4xx_HAL_Driver/Src/stm32f4xx_hal_gpio.o
 .debug_macro   0x0002260e      0x378 Drivers/STM32F4xx_HAL_Driver/Src/stm32f4xx_hal_rcc.o
 .debug_macro   0x00022986      0x356 Drivers/STM32F4xx_HAL_Driver/Src/stm32f4xx_hal_spi.o
 .debug_macro   0x00022cdc      0x34f Drivers/STM32F4xx_HAL_Driver/Src/stm32f4xx_hal_tim.o
 .debug_macro   0x0002302b      0x34e Drivers/STM32F4xx_HAL_Driver/Src/stm32f4xx_hal_tim_ex.o
 .debug_macro   0x00023379      0x34f Drivers/STM32F4xx_HAL_Driver/Src/stm32f4xx_hal_uart.o
 .debug_macro   0x000236c8      0x1f3 Middlewares/Third_Party/FreeRTOS/Source/CMSIS_RTOS/cmsis_os.o
 .debug_macro   0x000238bb       0x7c Middlewares/Third_Party/FreeRTOS/Source/CMSIS_RTOS/cmsis_os.o
 .debug_macro   0x00023937       0xd2 Middlewares/Third_Party/FreeRTOS/Source/CMSIS_RTOS/cmsis_os.o
 .debug_macro   0x00023a09      0x168 Middlewares/Third_Party/FreeRTOS/Source/CMSIS_RTOS/cmsis_os.o
 .debug_macro   0x00023b71       0xe4 Middlewares/Third_Party/FreeRTOS/Source/CMSIS_RTOS/cmsis_os.o
 .debug_macro   0x00023c55       0x10 Middlewares/Third_Party/FreeRTOS/Source/CMSIS_RTOS/cmsis_os.o
 .debug_macro   0x00023c65       0x1f Middlewares/Third_Party/FreeRTOS/Source/CMSIS_RTOS/cmsis_os.o
 .debug_macro   0x00023c84      0x40f Middlewares/Third_Party/FreeRTOS/Source/CMSIS_RTOS/cmsis_os.o
 .debug_macro   0x00024093       0xc0 Middlewares/Third_Party/FreeRTOS/Source/CMSIS_RTOS/cmsis_os.o
 .debug_macro   0x00024153       0x8c Middlewares/Third_Party/FreeRTOS/Source/CMSIS_RTOS/cmsis_os.o
 .debug_macro   0x000241df       0x91 Middlewares/Third_Party/FreeRTOS/Source/CMSIS_RTOS/cmsis_os.o
 .debug_macro   0x00024270       0x94 Middlewares/Third_Party/FreeRTOS/Source/CMSIS_RTOS/cmsis_os.o
 .debug_macro   0x00024304       0x63 Middlewares/Third_Party/FreeRTOS/Source/CMSIS_RTOS/cmsis_os.o
 .debug_macro   0x00024367       0x19 Middlewares/Third_Party/FreeRTOS/Source/CMSIS_RTOS/cmsis_os.o
 .debug_macro   0x00024380       0xcf Middlewares/Third_Party/FreeRTOS/Source/CMSIS_RTOS/cmsis_os.o
 .debug_macro   0x0002444f       0x26 Middlewares/Third_Party/FreeRTOS/Source/CMSIS_RTOS/cmsis_os.o
 .debug_macro   0x00024475      0x1b2 Middlewares/Third_Party/FreeRTOS/Source/list.o
 .debug_macro   0x00024627      0x26a Middlewares/Third_Party/FreeRTOS/Source/tasks.o
 .debug_macro   0x00024891       0x11 Middlewares/Third_Party/FreeRTOS/Source/tasks.o
 .debug_macro   0x000248a2      0x266 Middlewares/Third_Party/FreeRTOS/Source/portable/GCC/ARM_CM4F/port.o
 .debug_macro   0x00024b08      0x1d9 Middlewares/Third_Party/FreeRTOS/Source/portable/MemMang/heap_4.o
 .debug_macro   0x00024ce1      0x358 Src/debug.o
 .debug_macro   0x00025039      0x36a Src/gyro_8b.o
 .debug_macro   0x000253a3       0x10 Src/gyro_8b.o
 .debug_macro   0x000253b3       0xa0 Src/gyro_8b.o
 .debug_macro   0x00025453      0x41e Src/main.o
 .debug_macro   0x00025871       0xd8 Src/main.o
 .debug_macro   0x00025949      0x36b Src/memory.o
 .debug_macro   0x00025cb4       0x1c Src/memory.o
 .debug_macro   0x00025cd0      0x34e Src/stm32f4xx_hal_msp.o
 .debug_macro   0x0002601e      0x34e Src/stm32f4xx_hal_timebase_TIM.o
 .debug_macro   0x0002636c      0x40c Src/stm32f4xx_it.o
 .debug_macro   0x00026778      0x35a Src/system_stm32f4xx.o

.debug_line     0x00000000    0x10893
 .debug_line    0x00000000      0xabb Drivers/STM32F4xx_HAL_Driver/Src/stm32f4xx_hal.o
 .debug_line    0x00000abb      0xeac Drivers/STM32F4xx_HAL_Driver/Src/stm32f4xx_hal_can.o
 .debug_line    0x00001967      0xaf8 Drivers/STM32F4xx_HAL_Driver/Src/stm32f4xx_hal_cortex.o
 .debug_line    0x0000245f      0xa82 Drivers/STM32F4xx_HAL_Driver/Src/stm32f4xx_hal_gpio.o
 .debug_line    0x00002ee1      0xbf0 Drivers/STM32F4xx_HAL_Driver/Src/stm32f4xx_hal_rcc.o
 .debug_line    0x00003ad1     0x12c8 Drivers/STM32F4xx_HAL_Driver/Src/stm32f4xx_hal_spi.o
 .debug_line    0x00004d99     0x1a0d Drivers/STM32F4xx_HAL_Driver/Src/stm32f4xx_hal_tim.o
 .debug_line    0x000067a6      0xe98 Drivers/STM32F4xx_HAL_Driver/Src/stm32f4xx_hal_tim_ex.o
 .debug_line    0x0000763e     0x11e6 Drivers/STM32F4xx_HAL_Driver/Src/stm32f4xx_hal_uart.o
 .debug_line    0x00008824      0xc66 Middlewares/Third_Party/FreeRTOS/Source/CMSIS_RTOS/cmsis_os.o
 .debug_line    0x0000948a      0x617 Middlewares/Third_Party/FreeRTOS/Source/list.o
 .debug_line    0x00009aa1      0xe5f Middlewares/Third_Party/FreeRTOS/Source/tasks.o
 .debug_line    0x0000a900      0x6ff Middlewares/Third_Party/FreeRTOS/Source/portable/GCC/ARM_CM4F/port.o
 .debug_line    0x0000afff      0x6c9 Middlewares/Third_Party/FreeRTOS/Source/portable/MemMang/heap_4.o
 .debug_line    0x0000b6c8      0x968 Src/debug.o
 .debug_line    0x0000c030      0x96e Src/gyro_8b.o
 .debug_line    0x0000c99e      0xd14 Src/main.o
 .debug_line    0x0000d6b2      0x961 Src/memory.o
 .debug_line    0x0000e013      0xa05 Src/stm32f4xx_hal_msp.o
 .debug_line    0x0000ea18      0x914 Src/stm32f4xx_hal_timebase_TIM.o
 .debug_line    0x0000f32c      0xbdc Src/stm32f4xx_it.o
 .debug_line    0x0000ff08      0x90c Src/system_stm32f4xx.o
 .debug_line    0x00010814       0x7f startup/startup_stm32f429xx.o

.debug_str      0x00000000    0xdd241
 .debug_str     0x00000000    0xd2092 Drivers/STM32F4xx_HAL_Driver/Src/stm32f4xx_hal.o
                              0xd2481 (size before relaxing)
 .debug_str     0x000d2092      0x52a Drivers/STM32F4xx_HAL_Driver/Src/stm32f4xx_hal_can.o
                              0xd1d42 (size before relaxing)
 .debug_str     0x000d25bc      0x39e Drivers/STM32F4xx_HAL_Driver/Src/stm32f4xx_hal_cortex.o
                              0xd21f9 (size before relaxing)
 .debug_str     0x000d295a      0x292 Drivers/STM32F4xx_HAL_Driver/Src/stm32f4xx_hal_gpio.o
                              0xd1b3b (size before relaxing)
 .debug_str     0x000d2bec      0x380 Drivers/STM32F4xx_HAL_Driver/Src/stm32f4xx_hal_rcc.o
                              0xd1d0c (size before relaxing)
 .debug_str     0x000d2f6c      0x8c7 Drivers/STM32F4xx_HAL_Driver/Src/stm32f4xx_hal_spi.o
                              0xd210e (size before relaxing)
 .debug_str     0x000d3833      0xe82 Drivers/STM32F4xx_HAL_Driver/Src/stm32f4xx_hal_tim.o
                              0xd2930 (size before relaxing)
 .debug_str     0x000d46b5      0x4f4 Drivers/STM32F4xx_HAL_Driver/Src/stm32f4xx_hal_tim_ex.o
                              0xd21f0 (size before relaxing)
 .debug_str     0x000d4ba9      0x680 Drivers/STM32F4xx_HAL_Driver/Src/stm32f4xx_hal_uart.o
                              0xd216d (size before relaxing)
 .debug_str     0x000d5229     0x5ced Middlewares/Third_Party/FreeRTOS/Source/CMSIS_RTOS/cmsis_os.o
                               0xc48c (size before relaxing)
 .debug_str     0x000daf16      0x234 Middlewares/Third_Party/FreeRTOS/Source/list.o
                               0x9741 (size before relaxing)
 .debug_str     0x000db14a     0x10b7 Middlewares/Third_Party/FreeRTOS/Source/tasks.o
                               0xb7af (size before relaxing)
 .debug_str     0x000dc201      0x77c Middlewares/Third_Party/FreeRTOS/Source/portable/GCC/ARM_CM4F/port.o
                               0xa386 (size before relaxing)
 .debug_str     0x000dc97d      0x243 Middlewares/Third_Party/FreeRTOS/Source/portable/MemMang/heap_4.o
                               0x9e81 (size before relaxing)
 .debug_str     0x000dcbc0       0xa6 Src/debug.o
                              0xd1c33 (size before relaxing)
 .debug_str     0x000dcc66      0x229 Src/gyro_8b.o
                              0xd1fae (size before relaxing)
 .debug_str     0x000dce8f      0x16d Src/main.o
                              0xd8171 (size before relaxing)
 .debug_str     0x000dcffc       0x86 Src/memory.o
                              0xd1e21 (size before relaxing)
 .debug_str     0x000dd082       0x3e Src/stm32f4xx_hal_msp.o
                              0xd2907 (size before relaxing)
 .debug_str     0x000dd0c0       0x61 Src/stm32f4xx_hal_timebase_TIM.o
                              0xd234c (size before relaxing)
 .debug_str     0x000dd121       0xc6 Src/stm32f4xx_it.o
                              0xd6e42 (size before relaxing)
 .debug_str     0x000dd1e7       0x5a Src/system_stm32f4xx.o
                              0xd18f7 (size before relaxing)

.comment        0x00000000       0x7f
 .comment       0x00000000       0x7f Drivers/STM32F4xx_HAL_Driver/Src/stm32f4xx_hal.o
                                 0x80 (size before relaxing)
 .comment       0x0000007f       0x80 Drivers/STM32F4xx_HAL_Driver/Src/stm32f4xx_hal_can.o
 .comment       0x0000007f       0x80 Drivers/STM32F4xx_HAL_Driver/Src/stm32f4xx_hal_cortex.o
 .comment       0x0000007f       0x80 Drivers/STM32F4xx_HAL_Driver/Src/stm32f4xx_hal_gpio.o
 .comment       0x0000007f       0x80 Drivers/STM32F4xx_HAL_Driver/Src/stm32f4xx_hal_rcc.o
 .comment       0x0000007f       0x80 Drivers/STM32F4xx_HAL_Driver/Src/stm32f4xx_hal_spi.o
 .comment       0x0000007f       0x80 Drivers/STM32F4xx_HAL_Driver/Src/stm32f4xx_hal_tim.o
 .comment       0x0000007f       0x80 Drivers/STM32F4xx_HAL_Driver/Src/stm32f4xx_hal_tim_ex.o
 .comment       0x0000007f       0x80 Drivers/STM32F4xx_HAL_Driver/Src/stm32f4xx_hal_uart.o
 .comment       0x0000007f       0x80 Middlewares/Third_Party/FreeRTOS/Source/CMSIS_RTOS/cmsis_os.o
 .comment       0x0000007f       0x80 Middlewares/Third_Party/FreeRTOS/Source/list.o
 .comment       0x0000007f       0x80 Middlewares/Third_Party/FreeRTOS/Source/tasks.o
 .comment       0x0000007f       0x80 Middlewares/Third_Party/FreeRTOS/Source/portable/GCC/ARM_CM4F/port.o
 .comment       0x0000007f       0x80 Middlewares/Third_Party/FreeRTOS/Source/portable/MemMang/heap_4.o
 .comment       0x0000007f       0x80 Src/debug.o
 .comment       0x0000007f       0x80 Src/gyro_8b.o
 .comment       0x0000007f       0x80 Src/main.o
 .comment       0x0000007f       0x80 Src/memory.o
 .comment       0x0000007f       0x80 Src/stm32f4xx_hal_msp.o
 .comment       0x0000007f       0x80 Src/stm32f4xx_hal_timebase_TIM.o
 .comment       0x0000007f       0x80 Src/stm32f4xx_it.o
 .comment       0x0000007f       0x80 Src/system_stm32f4xx.o

.debug_frame    0x00000000     0x315c
 .debug_frame   0x00000000      0x1b8 Drivers/STM32F4xx_HAL_Driver/Src/stm32f4xx_hal.o
 .debug_frame   0x000001b8      0x204 Drivers/STM32F4xx_HAL_Driver/Src/stm32f4xx_hal_can.o
 .debug_frame   0x000003bc      0x15c Drivers/STM32F4xx_HAL_Driver/Src/stm32f4xx_hal_cortex.o
 .debug_frame   0x00000518       0xd0 Drivers/STM32F4xx_HAL_Driver/Src/stm32f4xx_hal_gpio.o
 .debug_frame   0x000005e8      0x13c Drivers/STM32F4xx_HAL_Driver/Src/stm32f4xx_hal_rcc.o
 .debug_frame   0x00000724      0x560 Drivers/STM32F4xx_HAL_Driver/Src/stm32f4xx_hal_spi.o
 .debug_frame   0x00000c84      0x9e0 Drivers/STM32F4xx_HAL_Driver/Src/stm32f4xx_hal_tim.o
 .debug_frame   0x00001664      0x384 Drivers/STM32F4xx_HAL_Driver/Src/stm32f4xx_hal_tim_ex.o
 .debug_frame   0x000019e8      0x4e8 Drivers/STM32F4xx_HAL_Driver/Src/stm32f4xx_hal_uart.o
 .debug_frame   0x00001ed0      0x584 Middlewares/Third_Party/FreeRTOS/Source/CMSIS_RTOS/cmsis_os.o
 .debug_frame   0x00002454       0x6c Middlewares/Third_Party/FreeRTOS/Source/list.o
 .debug_frame   0x000024c0      0x4e8 Middlewares/Third_Party/FreeRTOS/Source/tasks.o
 .debug_frame   0x000029a8       0xfc Middlewares/Third_Party/FreeRTOS/Source/portable/GCC/ARM_CM4F/port.o
 .debug_frame   0x00002aa4       0xac Middlewares/Third_Party/FreeRTOS/Source/portable/MemMang/heap_4.o
 .debug_frame   0x00002b50       0xcc Src/debug.o
 .debug_frame   0x00002c1c       0xa8 Src/gyro_8b.o
 .debug_frame   0x00002cc4      0x178 Src/main.o
 .debug_frame   0x00002e3c       0xb0 Src/memory.o
 .debug_frame   0x00002eec      0x10c Src/stm32f4xx_hal_msp.o
 .debug_frame   0x00002ff8       0x50 Src/stm32f4xx_hal_timebase_TIM.o
 .debug_frame   0x00003048       0xb8 Src/stm32f4xx_it.o
 .debug_frame   0x00003100       0x30 Src/system_stm32f4xx.o
 .debug_frame   0x00003130       0x2c c:/ac6/systemworkbench/plugins/fr.ac6.mcu.externaltools.arm-none.win32_1.15.0.201708311556/tools/compiler/bin/../lib/gcc/arm-none-eabi/6.3.1/../../../../arm-none-eabi/lib/thumb/v7e-m/fpv4-sp/hard\libc_nano.a(lib_a-init.o)
